// Jest Snapshot v1, https://goo.gl/fbAQLP

exports[`should handle static methods ES6 classes 1`] = `
"declare class Subscribable<T> {}
declare class Operator<T, R> {}
declare class Observable<T> mixins Subscribable<T> {
  create: Function;
  static create: Function;
  lift<R>(operator: Operator<T, R>): Observable<R>;
  static lift<R>(operator: Operator<T, R>): Observable<R>;
  +foo: number;
  static +bar: string;
  baz?: string;
  +quux?: number;
  static quick?: Symbol;
  static +fox?: string;
  jump?: () => void;
  +jump?: () => void;
  static +jump?: () => void;
  cfnProperties: { [key: string]: any, ... };
  static fooGet: string;
}
"
`;
