// Jest Snapshot v1, https://goo.gl/fbAQLP

exports[`should handle export declare const 1`] = `
"declare export var foo: {
  foo: {
    bar: \\"thing\\",
    baz: \\"thing\\",
    ...
  },
  ...
};
"
`;

exports[`should handle exports 1`] = `
"declare export default typeof module;
declare export { module };
declare export { module as newModule };
declare export { GeneratorOptions } from \\"@babel/generator\\";
declare export {
  GeneratorOptions as NewGeneratorOptions
} from \\"@babel/generator\\";
declare export * from \\"typescript\\"
"
`;

exports[`should handle unnamed default export 1`] = `
"declare export default function fn(): void;
"
`;
