// Jest Snapshot v1, https://goo.gl/fbAQLP

exports[`should handle export list syntax 1`] = `
"declare type ComplexType = { type: number, ... } | { type: string, ... };
export type { ComplexType };
declare var foo: 5;
declare export { foo };
"
`;

exports[`should handle exported types 1`] = `
"export type FactoryOrValue<T> = T | (() => T);
export type Maybe<T> =
  | {
      type: \\"just\\",
      value: T,
      ...
    }
  | { type: \\"nothing\\", ... };
"
`;

exports[`should handle inline export list syntax 1`] = `
"declare type ComplexType = { type: number, ... } | { type: string, ... };
declare var foo: 5;
export type { ComplexType };
declare export { foo };
"
`;
